
########## 0x435740  func=0x00435740 (56 条) ##########
   0x00435740  56                 push     esi
   0x00435741  57                 push     edi
   0x00435742  8b7c240c           mov      edi, dword ptr [esp + 0xc]
   0x00435746  57                 push     edi
   0x00435747  8bcf               mov      ecx, edi
   0x00435749  e8d27f0000         call     0x43d720
   0x0043574e  8bf0               mov      esi, eax
   0x00435750  8bcf               mov      ecx, edi
   0x00435752  56                 push     esi
   0x00435753  e8f8850000         call     0x43dd50
   0x00435758  8a06               mov      al, byte ptr [esi]
   0x0043575a  8a4c2410           mov      cl, byte ptr [esp + 0x10]
   0x0043575e  8a5602             mov      dl, byte ptr [esi + 2]
   0x00435761  884601             mov      byte ptr [esi + 1], al
   0x00435764  8a442414           mov      al, byte ptr [esp + 0x14]
   0x00435768  880e               mov      byte ptr [esi], cl
   0x0043576a  6a3f               push     0x3f
   0x0043576c  8bce               mov      ecx, esi
   0x0043576e  885603             mov      byte ptr [esi + 3], dl
   0x00435771  884602             mov      byte ptr [esi + 2], al
   0x00435774  e867840000         call     0x43dbe0
   0x00435779  6a02               push     2
   0x0043577b  8bce               mov      ecx, esi
   0x0043577d  e87e840000         call     0x43dc00
   0x00435782  6a00               push     0
   0x00435784  8bce               mov      ecx, esi
   0x00435786  e8b5840000         call     0x43dc40
   0x0043578b  6a00               push     0
   0x0043578d  8bce               mov      ecx, esi
   0x0043578f  e8cc840000         call     0x43dc60
   0x00435794  6a00               push     0
   0x00435796  8bce               mov      ecx, esi
   0x00435798  e823850000         call     0x43dcc0
   0x0043579d  6a00               push     0
   0x0043579f  8bce               mov      ecx, esi
   0x004357a1  e83a850000         call     0x43dce0
   0x004357a6  6a00               push     0
   0x004357a8  8bce               mov      ecx, esi
   0x004357aa  e851850000         call     0x43dd00
   0x004357af  5f                 pop      edi
   0x004357b0  5e                 pop      esi
   0x004357b1  c3                 ret      
   0x004357b2  90                 nop      
   0x004357b3  90                 nop      
   0x004357b4  90                 nop      
   0x004357b5  90                 nop      
   0x004357b6  90                 nop      
   0x004357b7  90                 nop      
   0x004357b8  90                 nop      
   0x004357b9  90                 nop      
   0x004357ba  90                 nop      
   0x004357bb  90                 nop      
   0x004357bc  90                 nop      
   0x004357bd  90                 nop      
   0x004357be  90                 nop      
   0x004357bf  90                 nop      
